2026-01-31 12:21:16.062 | INFO     | portrait_generator.reference_finder:find_reference_images:104 - Finding reference images for Alexey Chervonenkis (max: 5)...
2026-01-31 12:21:16.062 | DEBUG    | portrait_generator.reference_finder:_search_for_images:175 - Searching for images: Alexey Chervonenkis historical photograph
2026-01-31 12:21:20.331 | DEBUG    | portrait_generator.reference_finder:_parse_image_search_results:241 - Image search response is None or empty
2026-01-31 12:21:20.331 | DEBUG    | portrait_generator.reference_finder:_search_for_images:175 - Searching for images: Alexey Chervonenkis portrait Late 20th Century / Early 21st Century (Soviet and Post-Soviet scientific eras)
2026-01-31 12:21:37.509 | DEBUG    | portrait_generator.reference_finder:_parse_image_search_results:241 - Image search response is None or empty
2026-01-31 12:21:37.509 | DEBUG    | portrait_generator.reference_finder:_search_for_images:175 - Searching for images: Alexey Chervonenkis photo 1938
2026-01-31 12:21:42.848 | DEBUG    | portrait_generator.reference_finder:_parse_image_search_results:241 - Image search response is None or empty
2026-01-31 12:21:42.848 | WARNING  | portrait_generator.reference_finder:find_reference_images:120 - No reference images found for Alexey Chervonenkis
Warning: there are non-text parts in the response: ['inline_data'], returning concatenated text result from text parts. Check the full candidates.content.parts accessor to get the full model response.
Visual coherence check returned None response
Verification response is None or empty, assuming valid
Validation failed: ['Fact-check failed: death_year'] (confidence: 0.55)
Visual coherence check returned None response
Fact-checking returned None response
Verification response is None or empty, assuming valid
Verification response is None or empty, assuming valid
Verification response is None or empty, assuming valid
Visual coherence check returned None response
Fact-checking returned None response
Verification response is None or empty, assuming valid
Verification response is None or empty, assuming valid
Verification response is None or empty, assuming valid
Fact-checking returned None response
2026-01-31 12:27:29.892 | INFO     | portrait_generator.reference_finder:find_reference_images:104 - Finding reference images for Allen Newell (max: 5)...
2026-01-31 12:27:29.893 | DEBUG    | portrait_generator.reference_finder:_search_for_images:175 - Searching for images: Allen Newell historical photograph
2026-01-31 12:27:41.260 | DEBUG    | portrait_generator.reference_finder:_parse_image_search_results:241 - Image search response is None or empty
2026-01-31 12:27:41.261 | DEBUG    | portrait_generator.reference_finder:_search_for_images:175 - Searching for images: Allen Newell portrait 20th Century (specifically the Post-War era and the dawn of the Information Age)
2026-01-31 12:28:03.594 | DEBUG    | portrait_generator.reference_finder:_search_for_images:175 - Searching for images: Allen Newell photo 1927
2026-01-31 12:28:11.142 | DEBUG    | portrait_generator.reference_finder:_parse_image_search_results:241 - Image search response is None or empty
2026-01-31 12:28:11.142 | WARNING  | portrait_generator.reference_finder:find_reference_images:120 - No reference images found for Allen Newell
Verification response is None or empty, assuming valid
Verification response is None or empty, assuming valid
Visual coherence check returned None response
Fact-checking returned None response
Verification response is None or empty, assuming valid
Verification response is None or empty, assuming valid
Verification response is None or empty, assuming valid
Fact-checking returned None response
Verification response is None or empty, assuming valid
Verification response is None or empty, assuming valid
Fact-checking returned None response
Verification response is None or empty, assuming valid
Verification response is None or empty, assuming valid
Verification response is None or empty, assuming valid
Visual coherence check returned None response
2026-01-31 12:36:05.950 | INFO     | portrait_generator.reference_finder:find_reference_images:104 - Finding reference images for Arthur Lee Samuel (max: 5)...
2026-01-31 12:36:05.951 | DEBUG    | portrait_generator.reference_finder:_search_for_images:175 - Searching for images: Arthur Lee Samuel historical photograph
2026-01-31 12:36:49.293 | DEBUG    | portrait_generator.reference_finder:_search_for_images:175 - Searching for images: Arthur Lee Samuel portrait 20th Century (Specifically spanning the transition from the Industrial Age to the Information Age/Early Computing Era).
2026-01-31 12:36:56.725 | DEBUG    | portrait_generator.reference_finder:_parse_image_search_results:241 - Image search response is None or empty
2026-01-31 12:36:56.725 | DEBUG    | portrait_generator.reference_finder:_search_for_images:175 - Searching for images: Arthur Lee Samuel photo 1901
2026-01-31 12:37:01.768 | DEBUG    | portrait_generator.reference_finder:_parse_image_search_results:241 - Image search response is None or empty
2026-01-31 12:37:01.768 | WARNING  | portrait_generator.reference_finder:find_reference_images:120 - No reference images found for Arthur Lee Samuel
Verification response is None or empty, assuming valid
Verification response is None or empty, assuming valid
Fact-checking returned None response
Verification response is None or empty, assuming valid
Verification response is None or empty, assuming valid
Visual coherence check returned None response
Fact-checking returned None response
Verification response is None or empty, assuming valid
Verification response is None or empty, assuming valid
Visual coherence check returned None response
Fact-checking returned None response
Verification response is None or empty, assuming valid
Verification response is None or empty, assuming valid
Verification response is None or empty, assuming valid
Fact-checking returned None response
Failed to parse research response: Could not extract birth year from response
Traceback (most recent call last):
  File "/Users/davidlary/Dropbox/Environments/Code/PortraitGenerator/src/portrait_generator/core/researcher.py", line 230, in _parse_research_response
    raise ValueError("Could not extract birth year from response")
ValueError: Could not extract birth year from response
Research failed for Ashish Vaswani: Failed to parse research response: Could not extract birth year from response
Traceback (most recent call last):
  File "/Users/davidlary/Dropbox/Environments/Code/PortraitGenerator/src/portrait_generator/core/researcher.py", line 230, in _parse_research_response
    raise ValueError("Could not extract birth year from response")
ValueError: Could not extract birth year from response

The above exception was the direct cause of the following exception:

Traceback (most recent call last):
  File "/Users/davidlary/Dropbox/Environments/Code/PortraitGenerator/src/portrait_generator/core/researcher.py", line 57, in research_subject
    subject_data = self._parse_research_response(name, response)
                   ^^^^^^^^^^^^^^^^^^^^^^^^^^^^^^^^^^^^^^^^^^^^^
  File "/Users/davidlary/Dropbox/Environments/Code/PortraitGenerator/src/portrait_generator/core/researcher.py", line 320, in _parse_research_response
    raise ValueError(f"Failed to parse research response: {e}") from e
ValueError: Failed to parse research response: Could not extract birth year from response
Portrait generation failed: Failed to research subject 'Ashish Vaswani': Failed to parse research response: Could not extract birth year from response
Traceback (most recent call last):
  File "/Users/davidlary/Dropbox/Environments/Code/PortraitGenerator/src/portrait_generator/core/researcher.py", line 230, in _parse_research_response
    raise ValueError("Could not extract birth year from response")
ValueError: Could not extract birth year from response

The above exception was the direct cause of the following exception:

Traceback (most recent call last):
  File "/Users/davidlary/Dropbox/Environments/Code/PortraitGenerator/src/portrait_generator/core/researcher.py", line 57, in research_subject
    subject_data = self._parse_research_response(name, response)
                   ^^^^^^^^^^^^^^^^^^^^^^^^^^^^^^^^^^^^^^^^^^^^^
  File "/Users/davidlary/Dropbox/Environments/Code/PortraitGenerator/src/portrait_generator/core/researcher.py", line 320, in _parse_research_response
    raise ValueError(f"Failed to parse research response: {e}") from e
ValueError: Failed to parse research response: Could not extract birth year from response

The above exception was the direct cause of the following exception:

Traceback (most recent call last):
  File "/Users/davidlary/Dropbox/Environments/Code/PortraitGenerator/src/portrait_generator/core/generator_enhanced.py", line 170, in generate_portrait
    logger.info("Step 1: Researching subject...")
                   ^^^^^^^^^^^^^^^^^^^^^^^^^^^^^^^
  File "/Users/davidlary/Dropbox/Environments/Code/PortraitGenerator/src/portrait_generator/core/researcher.py", line 68, in research_subject
    raise RuntimeError(f"Failed to research subject '{name}': {e}") from e
RuntimeError: Failed to research subject 'Ashish Vaswani': Failed to parse research response: Could not extract birth year from response
2026-01-31 12:44:15.199 | INFO     | portrait_generator.reference_finder:find_reference_images:104 - Finding reference images for Augustus De Morgan (max: 5)...
2026-01-31 12:44:15.199 | DEBUG    | portrait_generator.reference_finder:_search_for_images:175 - Searching for images: Augustus De Morgan historical photograph
2026-01-31 12:44:18.487 | DEBUG    | portrait_generator.reference_finder:_parse_image_search_results:241 - Image search response is None or empty
2026-01-31 12:44:18.488 | DEBUG    | portrait_generator.reference_finder:_search_for_images:175 - Searching for images: Augustus De Morgan portrait 19th Century (Victorian Era)
2026-01-31 12:44:22.440 | DEBUG    | portrait_generator.reference_finder:_parse_image_search_results:241 - Image search response is None or empty
2026-01-31 12:44:22.441 | DEBUG    | portrait_generator.reference_finder:_search_for_images:175 - Searching for images: Augustus De Morgan photo 1806
2026-01-31 12:44:25.435 | DEBUG    | portrait_generator.reference_finder:_parse_image_search_results:241 - Image search response is None or empty
2026-01-31 12:44:25.435 | WARNING  | portrait_generator.reference_finder:find_reference_images:120 - No reference images found for Augustus De Morgan
Verification response is None or empty, assuming valid
Verification response is None or empty, assuming valid
Verification response is None or empty, assuming valid
Fact-checking returned None response
Verification response is None or empty, assuming valid
